 
****************************************
Report : area
Design : system_top
Version: O-2018.06-SP1
Date   : Fri Sep 25 02:56:18 2026
****************************************

Library(s) Used:

    scmetro_tsmc_cl013g_rvt_ss_1p08v_125c (File: /home/ICer/Labs/system/std_cells/scmetro_tsmc_cl013g_rvt_ss_1p08v_125c.db)

Number of ports:                           31
Number of nets:                           577
Number of cells:                          556
Number of combinational cells:            419
Number of sequential cells:               137
Number of macros/black boxes:               0
Number of buf/inv:                         96
Number of references:                      96

Combinational area:               3197.093928
Buf/Inv area:                      497.744107
Noncombinational area:            3565.400965
Macro/Black Box area:                0.000000
Net Interconnect area:          230721.181030

Total cell area:                  6762.494893
Total area:                     237483.675923

Hierarchical area distribution
------------------------------

                                  Global cell area          Local cell area
                                  ------------------  ---------------------------- 
Hierarchical cell                 Absolute   Percent  Combi-     Noncombi-  Black-
                                  Total      Total    national   national   boxes   Design
--------------------------------  ---------  -------  ---------  ---------  ------  ---------
system_top                        6762.4949    100.0  3197.0939  3565.4010  0.0000  system_top
--------------------------------  ---------  -------  ---------  ---------  ------  ---------
Total                                                 3197.0939  3565.4010  0.0000

1
